// Jest Snapshot v1, https://goo.gl/fbAQLP

exports[`++ Snapshot for Test should render TableRow 1`] = `
<div>
  <div>
    <div>
      <span>
        React引领未来的用户界面开发框架
      </span>
      <span>
        twk
      </span>
      <span>
        1467504000000
      </span>
    </div>
    <div>
      <span>
        JavaScript面向对象编程指南
      </span>
      <span>
        twk2
      </span>
      <span>
        1470182400000
      </span>
    </div>
    <div>
      <span>
        ES6标准入门
      </span>
      <span>
        ruanyifeng
      </span>
      <span>
        1470182400000
      </span>
    </div>
  </div>
  <input
    onChange={[Function]}
    value={undefined}
  />
  <p />
</div>
`;
